{{#scite:
 |reference=schoenberg2013th
 |type=book
 |title=The Little Black Book of Neuropsychology
 |editor=Mike R. Schoenberg;James G. Scott|+sep=;
 |publisher=Springer Science + Business Media
 |year=2013
 |doi=10.1007/978-0-387-76978-3
}}